<html>
<body>
<pre>
<h1>µVision Build Log</h1>
<h2>Tool Versions:</h2>
IDE-Version: •ÏVision V5.21.1.0
Copyright (C) 2016 ARM Ltd and ARM Germany GmbH. All rights reserved.
License Information: JunHwei Lee, Kwangwoon Univ., LIC=----
 
Tool Versions:
Toolchain:       MDK-Lite  Version: 5.21a
Toolchain Path:  C:\Keil_v5\ARM\ARMCC\Bin
C Compiler:      Armcc.exe V5.06 update 3 (build 300)
Assembler:       Armasm.exe V5.06 update 3 (build 300)
Linker/Locator:  ArmLink.exe V5.06 update 3 (build 300)
Library Manager: ArmAr.exe V5.06 update 3 (build 300)
Hex Converter:   FromElf.exe V5.06 update 3 (build 300)
CPU DLL:         SARM.DLL V5.21a
Dialog DLL:      DARMP3.DLL 
<h2>Project:</h2>
C:\Users\82109\Documents\asem\assignment6\assginment_6.uvproj
Project File Date:  11/15/2021

<h2>Output:</h2>
*** Using Compiler 'V5.06 update 3 (build 300)', folder: 'C:\Keil_v5\ARM\ARMCC\Bin'
Build target 'Target 1'
assembling assignment_6.s...
assignment_6.s(14): warning: A1608W: MOV pc,<rn> instruction used, but BX <rn> is preferred
assignment_6.s(18): warning: A1581W: Added 3 bytes of padding at address 0x29
linking...
Program Size: Code=52 RO-data=0 RW-data=0 ZI-data=0  
".\Objects\assginment_6.axf" - 0 Error(s), 2 Warning(s).
Build Time Elapsed:  00:00:00
</pre>
</body>
</html>
